[gestao.co.in/index.html]
[backblue.gif]
[fade.gif]
[index.html]
[gestao.co.in/uploads/system/uXwK4C35LgYUBMNzVxec.jpg]
[gestao.co.in/assets/frontend/default/css/bootstrap.min.css]
[gestao.co.in/assets/frontend/default/css/simple-line-icons.css]
[gestao.co.in/assets/frontend/default/css/themify-icons.css]
[gestao.co.in/assets/frontend/default/css/font-awesome.min.css]
[gestao.co.in/assets/frontend/default/css/set1.css]
[gestao.co.in/assets/frontend/default/css/style.css]
[gestao.co.in/assets/global/toastr/toastr.css]
[gestao.co.in/uploads/system/0ItVEF7HMblTWAjJvikn.jpg]
[gestao.co.in/assets/frontend/default/css/modal.css]
[gestao.co.in/assets/frontend/default/css/custom.css]
[gestao.co.in/uploads/system/wDLdQ5Cmc4hgb7e2a8VX.jpg]
[gestao.co.in/site/restaurants/popular.html]
[gestao.co.in/site/restaurants/recent.html]
[gestao.co.in/login.html]
[gestao.co.in/site/restaurant/test-restaurant/7.html]
[gestao.co.in/uploads/restaurant/thumbnail/placeholder.png]
[gestao.co.in/site/restaurants.html]
[gestao.co.in/site/restaurants/filter877a.html]
[gestao.co.in/uploads/cuisine/7MhN6aBtPrfu39TsvqHo.jpg]
[gestao.co.in/site/restaurants/filterebcb.html]
[gestao.co.in/uploads/cuisine/ZxJXczNiBpyobRWC4tMV.jpg]
[gestao.co.in/site/restaurants/filterdc6f.html]
[gestao.co.in/uploads/cuisine/placeholder.png]
[gestao.co.in/site/restaurants/filtere755.html]
[gestao.co.in/site/restaurants/filter4e48.html]
[gestao.co.in/auth/registration/owner.html]
[gestao.co.in/www.digitcure.com]
[code.jquery.com/jquery-3.2.1.slim.min.js]
[cdnjs.cloudflare.com/ajax/libs/popper.js/1.12.9/umd/popper.min.js]
[maxcdn.bootstrapcdn.com/bootstrap/4.0.0/js/bootstrap.min.js]
[kit.fontawesome.com/feda5be979.js]
[gestao.co.in/assets/global/toastr/toastr.min.js]
[cdnjs.cloudflare.com/ajax/libs/slick-carousel/1.8.1/slick.css]
[gestao.co.in/index.html]
[gestao.co.in/assets/frontend/default/css/bootstrap.min.css]
[cdnjs.cloudflare.com/ajax/libs/slick-carousel/1.8.1/slick.min.js]
[gestao.co.in/assets/frontend/default/fonts/Simple-Line-Iconsb26c.eot]
[gestao.co.in/assets/frontend/default/fonts/Simple-Line-Iconsb26c.woff2]
[gestao.co.in/assets/frontend/default/fonts/Simple-Line-Iconsb26c.ttf]
[gestao.co.in/assets/frontend/default/fonts/Simple-Line-Iconsb26c.woff]
[gestao.co.in/assets/frontend/default/css/simple-line-icons.css]
[gestao.co.in/assets/frontend/default/fonts/Simple-Line-Iconsb26c.svg]
[gestao.co.in/assets/frontend/default/fonts/themify9f24.eot]
[gestao.co.in/assets/frontend/default/fonts/themifyd41d.eot]
[gestao.co.in/assets/frontend/default/fonts/themify9f24.woff]
[gestao.co.in/assets/frontend/default/fonts/themify9f24.ttf]
[gestao.co.in/assets/frontend/default/css/themify-icons.css]
[gestao.co.in/assets/frontend/default/webfonts/fa-brands-400.eot]
[gestao.co.in/assets/frontend/default/webfonts/fa-brands-400d41d.eot]
[gestao.co.in/assets/frontend/default/fonts/themify9f24.svg]
[gestao.co.in/assets/frontend/default/webfonts/fa-brands-400.woff2]
[gestao.co.in/assets/frontend/default/webfonts/fa-brands-400.woff]
[gestao.co.in/assets/frontend/default/webfonts/fa-brands-400.ttf]
[gestao.co.in/assets/frontend/default/webfonts/fa-regular-400.eot]
[gestao.co.in/assets/frontend/default/webfonts/fa-brands-400.svg]
[gestao.co.in/assets/frontend/default/webfonts/fa-regular-400d41d.eot]
[gestao.co.in/assets/frontend/default/webfonts/fa-regular-400.woff2]
[gestao.co.in/assets/frontend/default/webfonts/fa-regular-400.woff]
[gestao.co.in/assets/frontend/default/webfonts/fa-regular-400.ttf]
[gestao.co.in/assets/frontend/default/webfonts/fa-regular-400.svg]
[gestao.co.in/assets/frontend/default/webfonts/fa-solid-900.eot]
[gestao.co.in/assets/frontend/default/webfonts/fa-solid-900d41d.eot]
[gestao.co.in/assets/frontend/default/webfonts/fa-solid-900.woff2]
[gestao.co.in/assets/frontend/default/webfonts/fa-solid-900.woff]
[gestao.co.in/assets/frontend/default/webfonts/fa-solid-900.ttf]
[gestao.co.in/assets/frontend/default/css/font-awesome.min.css]
[gestao.co.in/assets/frontend/default/webfonts/fa-solid-900.svg]
[gestao.co.in/assets/frontend/default/fonts/feathericons/feathericons3869.eot]
[gestao.co.in/assets/frontend/default/fonts/feathericons/feathericonsd41d.eot]
[gestao.co.in/assets/frontend/default/fonts/feathericons/feathericons3869.woff]
[gestao.co.in/assets/frontend/default/fonts/feathericons/feathericons3869.ttf]
[gestao.co.in/assets/frontend/default/fonts/feathericons/feathericons3869.svg]
[gestao.co.in/assets/frontend/default/css/set1.css]
[gestao.co.in/assets/frontend/default/css/style.css]
[gestao.co.in/assets/global/toastr/toastr.css]
[gestao.co.in/assets/frontend/default/css/modal.css]
[gestao.co.in/assets/frontend/default/css/custom.css]
[gestao.co.in/site/restaurant/svarasa/1.html]
[gestao.co.in/site/restaurant/lakeview/2.html]
[gestao.co.in/uploads/restaurant/thumbnail/zhBT4kRqp76gmJny1AC8.jpg]
[gestao.co.in/site/restaurant/culinary-delight/3.html]
[gestao.co.in/site/restaurant/restaurant-1/4.html]
[gestao.co.in/site/restaurant/restaurant-2/5.html]
[gestao.co.in/site/restaurants/popular.html]
[gestao.co.in/site/restaurants/recent.html]
[gestao.co.in/site/restaurants/www.digitcure.html]
[gestao.co.in/assets/auth/vendor/bootstrap/css/bootstrap.min.css]
[gestao.co.in/assets/auth/fonts/font-awesome-4.7.0/css/font-awesome.min.css]
[gestao.co.in/assets/auth/fonts/iconic/css/material-design-iconic-font.min.css]
[gestao.co.in/assets/auth/css/util.css]
[gestao.co.in/assets/auth/css/main.css]
[gestao.co.in/assets/auth/css/custom.css]
[gestao.co.in/auth/forget_password.html]
[gestao.co.in/auth/roles.html]
[ajax.googleapis.com/ajax/libs/jquery/3.5.1/jquery.min.js]
[cdnjs.cloudflare.com/ajax/libs/popper.js/2.6.0/umd/popper.min.js]
[maxcdn.bootstrapcdn.com/bootstrap/3.3.7/js/bootstrap.min.js]
[gestao.co.in/assets/auth/js/main.js]
[www.gstatic.com/firebasejs/8.6.2/firebase-app.js]
[www.gstatic.com/firebasejs/8.6.2/firebase-analytics.js]
[www.gstatic.com/firebasejs/8.6.2/firebase-auth.js]
[www.gstatic.com/firebasejs/8.6.2/firebase-firestore.js]
[gestao.co.in/login.html]
[gestao.co.in/assets/frontend/default/css/magnific-popup.css]
[gestao.co.in/assets/global/leaflet/leaflet.css]
[gestao.co.in/uploads/restaurant/gallery/placeholder.png]
[ajax.googleapis.com/ajax/libs/jqueryui/1.12.1/jquery-ui.min.js]
[gestao.co.in/site/restaurant/test-restaurant/www.digitcure.html]
[cdnjs.cloudflare.com/ajax/libs/magnific-popup.js/1.0.0/jquery.magnific-popup.min.js]
[cdnjs.cloudflare.com/ajax/libs/Swiper/6.5.8/swiper-bundle.min.js]
[gestao.co.in/site/restaurant/test-restaurant/7.html]
[unpkg.com/leaflet@1.7.1/dist/leaflet.js]
[gestao.co.in/site/www.digitcure.67.delayed]
[gestao.co.in/site/restaurants.html]
[gestao.co.in/site/restaurants/filter877a.html]
[gestao.co.in/site/restaurants/filterebcb.html]
[gestao.co.in/site/restaurants/filterdc6f.html]
[gestao.co.in/site/restaurants/filtere755.html]
[gestao.co.in/site/restaurants/filter4e48.html]
[www.google.com/recaptcha/api.js]
[gestao.co.in/auth.html]
[gestao.co.in/assets/auth/vendor/jquery/jquery-3.2.1.min.js]
[gestao.co.in/assets/auth/vendor/bootstrap/js/popper.js]
[gestao.co.in/auth/registration/owner.html]
[gestao.co.in/www.digitcure.html]
[gestao.co.in/assets/global/toastr/toastr.min.js]
[gestao.co.in/assets/frontend/default/js/init.js]
[cdnjs.cloudflare.com/ajax/libs/slick-carousel/1.8.1/slick.css]
[gestao.co.in/assets/auth/vendor/bootstrap/js/bootstrap.min.js]
[gestao.co.in/assets/frontend/default/fonts/Simple-Line-Iconsb26c.svg]
[gestao.co.in/assets/frontend/default/fonts/themify9f24.svg]
[gestao.co.in/assets/frontend/default/webfonts/fa-brands-400.svg]
[gestao.co.in/assets/frontend/default/webfonts/fa-regular-400.svg]
[gestao.co.in/assets/frontend/default/webfonts/fa-solid-900.svg]
[gestao.co.in/assets/frontend/default/fonts/feathericons/feathericons3869.html]
[gestao.co.in/assets/frontend/default/fonts/feathericons/feathericonsd41d.html]
[gestao.co.in/assets/frontend/default/fonts/feathericons/feathericons3869-2.html]
[gestao.co.in/assets/frontend/default/fonts/feathericons/feathericons3869-3.html]
[gestao.co.in/assets/frontend/default/fonts/feathericons/feathericons3869-4.html]
[gestao.co.in/uploads/restaurant/gallery/uVZACnBJQtb6OH9r5GxY.jpg]
[gestao.co.in/modal/showup/restaurant/menu/1.html]
[gestao.co.in/uploads/menu/ZdYcQ6iXlpTqIEh05kUH.jpg]
[gestao.co.in/modal/showup/restaurant/menu/3.html]
[gestao.co.in/uploads/menu/NclbDoudPeG5X6z901hQ.jpg]
[gestao.co.in/modal/showup/restaurant/menu/4.html]
[gestao.co.in/uploads/menu/gkh9r0SyfevG6PJEjdbO.jpg]
[gestao.co.in/modal/showup/restaurant/menu/2.html]
[gestao.co.in/uploads/menu/T6fhABgFVwU2yebzSLCj.jpg]
[gestao.co.in/modal/showup/restaurant/menu/3050.html]
[gestao.co.in/modal/showup/restaurant/menu/3051.html]
[gestao.co.in/modal/showup/restaurant/menu/3052.html]
[gestao.co.in/modal/showup/restaurant/menu/3053.html]
[gestao.co.in/modal/showup/restaurant/menu/3054.html]
[gestao.co.in/modal/showup/restaurant/menu/3055.html]
[gestao.co.in/modal/showup/restaurant/menu/3056.html]
[gestao.co.in/modal/showup/restaurant/menu/3057.html]
[gestao.co.in/modal/showup/restaurant/menu/3058.html]
[gestao.co.in/modal/showup/restaurant/menu/3059.html]
[gestao.co.in/modal/showup/restaurant/menu/3060.html]
[gestao.co.in/modal/showup/restaurant/menu/3061.html]
[gestao.co.in/modal/showup/restaurant/menu/3044.html]
[gestao.co.in/modal/showup/restaurant/menu/3045.html]
[gestao.co.in/modal/showup/restaurant/menu/3046.html]
[gestao.co.in/modal/showup/restaurant/menu/3047.html]
[gestao.co.in/modal/showup/restaurant/menu/3048.html]
[gestao.co.in/modal/showup/restaurant/menu/3049.html]
[gestao.co.in/modal/showup/restaurant/menu/3062.html]
[gestao.co.in/modal/showup/restaurant/menu/3063.html]
[gestao.co.in/modal/showup/restaurant/menu/3064.html]
[gestao.co.in/modal/showup/restaurant/menu/3065.html]
[gestao.co.in/modal/showup/restaurant/menu/3066.html]
[gestao.co.in/modal/showup/restaurant/menu/3067.html]
[gestao.co.in/modal/showup/restaurant/menu/3068.html]
[gestao.co.in/modal/showup/restaurant/menu/3069.html]
[gestao.co.in/modal/showup/restaurant/menu/3070.html]
[gestao.co.in/modal/showup/restaurant/menu/3071.html]
[gestao.co.in/modal/showup/restaurant/menu/3072.html]
[gestao.co.in/modal/showup/restaurant/menu/3073.html]
[gestao.co.in/modal/showup/restaurant/menu/3074.html]
[gestao.co.in/modal/showup/restaurant/menu/3075.html]
[gestao.co.in/modal/showup/restaurant/menu/3076.html]
[gestao.co.in/modal/showup/restaurant/menu/3077.html]
[gestao.co.in/modal/showup/restaurant/menu/3078.html]
[gestao.co.in/modal/showup/restaurant/menu/3079.html]
[gestao.co.in/site/restaurant/svarasa/1.html]
[gestao.co.in/site/restaurant/svarasa/www.digitcure.html]
[gestao.co.in/modal/showup/restaurant/menu/3080.html]
[gestao.co.in/modal/showup/restaurant/menu/3081.html]
[gestao.co.in/modal/showup/restaurant/menu/3082.html]
[gestao.co.in/modal/showup/restaurant/menu/3083.html]
[gestao.co.in/modal/showup/restaurant/menu/3084.html]
[gestao.co.in/modal/showup/restaurant/menu/3085.html]
[gestao.co.in/modal/showup/restaurant/menu/3086.html]
[gestao.co.in/modal/showup/restaurant/menu/3087.html]
[gestao.co.in/modal/showup/restaurant/menu/3088.html]
[gestao.co.in/modal/showup/restaurant/menu/3089.html]
[gestao.co.in/modal/showup/restaurant/menu/3090.html]
[gestao.co.in/modal/showup/restaurant/menu/3091.html]
[gestao.co.in/modal/showup/restaurant/menu/3092.html]
[gestao.co.in/modal/showup/restaurant/menu/3093.html]
[gestao.co.in/modal/showup/restaurant/menu/3094.html]
[gestao.co.in/modal/showup/restaurant/menu/3095.html]
[gestao.co.in/modal/showup/restaurant/menu/3195.html]
[gestao.co.in/modal/showup/restaurant/menu/3196.html]
[gestao.co.in/modal/showup/restaurant/menu/3197.html]
[gestao.co.in/modal/showup/restaurant/menu/3198.html]
[gestao.co.in/modal/showup/restaurant/menu/3199.html]
[gestao.co.in/modal/showup/restaurant/menu/3200.html]
[gestao.co.in/modal/showup/restaurant/menu/3201.html]
[gestao.co.in/modal/showup/restaurant/menu/3202.html]
[gestao.co.in/modal/showup/restaurant/menu/3203.html]
[gestao.co.in/modal/showup/restaurant/menu/3204.html]
[gestao.co.in/modal/showup/restaurant/menu/3205.html]
[gestao.co.in/modal/showup/restaurant/menu/3206.html]
[gestao.co.in/modal/showup/restaurant/menu/3096.html]
[gestao.co.in/modal/showup/restaurant/menu/3097.html]
[gestao.co.in/modal/showup/restaurant/menu/3098.html]
[gestao.co.in/modal/showup/restaurant/menu/3099.html]
[gestao.co.in/modal/showup/restaurant/menu/3100.html]
[gestao.co.in/modal/showup/restaurant/menu/3101.html]
[gestao.co.in/modal/showup/restaurant/menu/3102.html]
[gestao.co.in/modal/showup/restaurant/menu/3103.html]
[gestao.co.in/modal/showup/restaurant/menu/3104.html]
[gestao.co.in/modal/showup/restaurant/menu/3105.html]
[gestao.co.in/modal/showup/restaurant/menu/3106.html]
[gestao.co.in/modal/showup/restaurant/menu/3107.html]
[gestao.co.in/modal/showup/restaurant/menu/3108.html]
[gestao.co.in/modal/showup/restaurant/menu/3109.html]
[gestao.co.in/modal/showup/restaurant/menu/3110.html]
[gestao.co.in/modal/showup/restaurant/menu/3111.html]
[gestao.co.in/modal/showup/restaurant/menu/3189.html]
[gestao.co.in/modal/showup/restaurant/menu/3190.html]
[gestao.co.in/modal/showup/restaurant/menu/3191.html]
[gestao.co.in/modal/showup/restaurant/menu/3192.html]
[gestao.co.in/modal/showup/restaurant/menu/3193.html]
[gestao.co.in/modal/showup/restaurant/menu/3194.html]
[gestao.co.in/modal/showup/restaurant/menu/3207.html]
[gestao.co.in/modal/showup/restaurant/menu/3208.html]
[gestao.co.in/modal/showup/restaurant/menu/3209.html]
[gestao.co.in/modal/showup/restaurant/menu/3210.html]
[gestao.co.in/modal/showup/restaurant/menu/3211.html]
[gestao.co.in/modal/showup/restaurant/menu/3212.html]
[gestao.co.in/modal/showup/restaurant/menu/3112.html]
[gestao.co.in/modal/showup/restaurant/menu/3113.html]
[gestao.co.in/modal/showup/restaurant/menu/3114.html]
[gestao.co.in/modal/showup/restaurant/menu/3213.html]
[gestao.co.in/modal/showup/restaurant/menu/3214.html]
[gestao.co.in/modal/showup/restaurant/menu/3215.html]
[gestao.co.in/modal/showup/restaurant/menu/3216.html]
[gestao.co.in/modal/showup/restaurant/menu/3217.html]
[gestao.co.in/modal/showup/restaurant/menu/3218.html]
[gestao.co.in/modal/showup/restaurant/menu/3219.html]
[gestao.co.in/modal/showup/restaurant/menu/3115.html]
[gestao.co.in/modal/showup/restaurant/menu/3220.html]
[gestao.co.in/modal/showup/restaurant/menu/3221.html]
[gestao.co.in/modal/showup/restaurant/menu/3116.html]
[gestao.co.in/modal/showup/restaurant/menu/3117.html]
[gestao.co.in/modal/showup/restaurant/menu/3118.html]
[gestao.co.in/modal/showup/restaurant/menu/3119.html]
[gestao.co.in/modal/showup/restaurant/menu/3120.html]
[gestao.co.in/modal/showup/restaurant/menu/3121.html]
[gestao.co.in/modal/showup/restaurant/menu/3122.html]
[gestao.co.in/modal/showup/restaurant/menu/3123.html]
[gestao.co.in/modal/showup/restaurant/menu/3124.html]
[gestao.co.in/modal/showup/restaurant/menu/3125.html]
[gestao.co.in/modal/showup/restaurant/menu/3126.html]
[gestao.co.in/modal/showup/restaurant/menu/3127.html]
[gestao.co.in/modal/showup/restaurant/menu/3128.html]
[gestao.co.in/modal/showup/restaurant/menu/3129.html]
[gestao.co.in/modal/showup/restaurant/menu/3130.html]
[gestao.co.in/modal/showup/restaurant/menu/3131.html]
[gestao.co.in/modal/showup/restaurant/menu/3132.html]
[gestao.co.in/modal/showup/restaurant/menu/3133.html]
[gestao.co.in/modal/showup/restaurant/menu/3134.html]
[gestao.co.in/modal/showup/restaurant/menu/3135.html]
[gestao.co.in/modal/showup/restaurant/menu/3136.html]
[gestao.co.in/modal/showup/restaurant/menu/3137.html]
[gestao.co.in/modal/showup/restaurant/menu/3138.html]
[gestao.co.in/modal/showup/restaurant/menu/3139.html]
[gestao.co.in/modal/showup/restaurant/menu/3222.html]
[gestao.co.in/modal/showup/restaurant/menu/3223.html]
[gestao.co.in/modal/showup/restaurant/menu/3224.html]
[gestao.co.in/modal/showup/restaurant/menu/3225.html]
[gestao.co.in/modal/showup/restaurant/menu/3226.html]
[gestao.co.in/modal/showup/restaurant/menu/3227.html]
[gestao.co.in/modal/showup/restaurant/menu/3228.html]
[gestao.co.in/modal/showup/restaurant/menu/3229.html]
[gestao.co.in/modal/showup/restaurant/menu/3230.html]
[gestao.co.in/modal/showup/restaurant/menu/3231.html]
[gestao.co.in/modal/showup/restaurant/menu/3232.html]
[gestao.co.in/modal/showup/restaurant/menu/3233.html]
[gestao.co.in/modal/showup/restaurant/menu/3234.html]
[gestao.co.in/modal/showup/restaurant/menu/3235.html]
[gestao.co.in/modal/showup/restaurant/menu/3236.html]
[gestao.co.in/modal/showup/restaurant/menu/3140.html]
[gestao.co.in/modal/showup/restaurant/menu/3141.html]
[gestao.co.in/modal/showup/restaurant/menu/3142.html]
[gestao.co.in/modal/showup/restaurant/menu/3157.html]
[gestao.co.in/modal/showup/restaurant/menu/3158.html]
[gestao.co.in/modal/showup/restaurant/menu/3159.html]
[gestao.co.in/modal/showup/restaurant/menu/3160.html]
[gestao.co.in/modal/showup/restaurant/menu/3237.html]
[gestao.co.in/modal/showup/restaurant/menu/3238.html]
[gestao.co.in/modal/showup/restaurant/menu/3239.html]
[gestao.co.in/modal/showup/restaurant/menu/3240.html]
[gestao.co.in/modal/showup/restaurant/menu/3241.html]
[gestao.co.in/modal/showup/restaurant/menu/3242.html]
[gestao.co.in/modal/showup/restaurant/menu/3243.html]
[gestao.co.in/modal/showup/restaurant/menu/3244.html]
[gestao.co.in/modal/showup/restaurant/menu/3245.html]
[gestao.co.in/modal/showup/restaurant/menu/3246.html]
[gestao.co.in/modal/showup/restaurant/menu/3247.html]
[gestao.co.in/modal/showup/restaurant/menu/3248.html]
[gestao.co.in/modal/showup/restaurant/menu/3249.html]
[gestao.co.in/modal/showup/restaurant/menu/3250.html]
[gestao.co.in/modal/showup/restaurant/menu/3251.html]
[gestao.co.in/modal/showup/restaurant/menu/3252.html]
[gestao.co.in/modal/showup/restaurant/menu/3295.html]
[gestao.co.in/modal/showup/restaurant/menu/3143.html]
[gestao.co.in/modal/showup/restaurant/menu/3144.html]
[gestao.co.in/modal/showup/restaurant/menu/3145.html]
[gestao.co.in/modal/showup/restaurant/menu/3146.html]
[gestao.co.in/modal/showup/restaurant/menu/3147.html]
[gestao.co.in/modal/showup/restaurant/menu/3148.html]
[gestao.co.in/modal/showup/restaurant/menu/3253.html]
[gestao.co.in/modal/showup/restaurant/menu/3254.html]
[gestao.co.in/modal/showup/restaurant/menu/3255.html]
[gestao.co.in/modal/showup/restaurant/menu/3256.html]
[gestao.co.in/modal/showup/restaurant/menu/3257.html]
[gestao.co.in/modal/showup/restaurant/menu/3258.html]
[gestao.co.in/modal/showup/restaurant/menu/3259.html]
[gestao.co.in/modal/showup/restaurant/menu/3260.html]
[gestao.co.in/modal/showup/restaurant/menu/3261.html]
[gestao.co.in/modal/showup/restaurant/menu/3262.html]
[gestao.co.in/modal/showup/restaurant/menu/3149.html]
[gestao.co.in/modal/showup/restaurant/menu/3150.html]
[gestao.co.in/modal/showup/restaurant/menu/3151.html]
[gestao.co.in/modal/showup/restaurant/menu/3152.html]
[gestao.co.in/modal/showup/restaurant/menu/3153.html]
[gestao.co.in/modal/showup/restaurant/menu/3154.html]
[gestao.co.in/modal/showup/restaurant/menu/3155.html]
[gestao.co.in/modal/showup/restaurant/menu/3156.html]
[gestao.co.in/modal/showup/restaurant/menu/3263.html]
[gestao.co.in/modal/showup/restaurant/menu/3264.html]
[gestao.co.in/modal/showup/restaurant/menu/3265.html]
[gestao.co.in/modal/showup/restaurant/menu/3266.html]
[gestao.co.in/modal/showup/restaurant/menu/3267.html]
[gestao.co.in/modal/showup/restaurant/menu/3161.html]
[gestao.co.in/modal/showup/restaurant/menu/3162.html]
[gestao.co.in/modal/showup/restaurant/menu/3163.html]
[gestao.co.in/modal/showup/restaurant/menu/3164.html]
[gestao.co.in/modal/showup/restaurant/menu/3165.html]
[gestao.co.in/modal/showup/restaurant/menu/3166.html]
[gestao.co.in/modal/showup/restaurant/menu/3167.html]
[gestao.co.in/modal/showup/restaurant/menu/3168.html]
[gestao.co.in/modal/showup/restaurant/menu/3169.html]
[gestao.co.in/modal/showup/restaurant/menu/3170.html]
[gestao.co.in/modal/showup/restaurant/menu/3171.html]
[gestao.co.in/modal/showup/restaurant/menu/3172.html]
[gestao.co.in/modal/showup/restaurant/menu/3173.html]
[gestao.co.in/modal/showup/restaurant/menu/3174.html]
[gestao.co.in/modal/showup/restaurant/menu/3175.html]
[gestao.co.in/modal/showup/restaurant/menu/3176.html]
[gestao.co.in/modal/showup/restaurant/menu/3177.html]
[gestao.co.in/modal/showup/restaurant/menu/3178.html]
[gestao.co.in/modal/showup/restaurant/menu/3179.html]
[gestao.co.in/modal/showup/restaurant/menu/3180.html]
[gestao.co.in/modal/showup/restaurant/menu/3268.html]
[gestao.co.in/modal/showup/restaurant/menu/3269.html]
[gestao.co.in/modal/showup/restaurant/menu/3270.html]
[gestao.co.in/modal/showup/restaurant/menu/3271.html]
[gestao.co.in/modal/showup/restaurant/menu/3272.html]
[gestao.co.in/modal/showup/restaurant/menu/3273.html]
[gestao.co.in/modal/showup/restaurant/menu/3274.html]
[gestao.co.in/modal/showup/restaurant/menu/3275.html]
[gestao.co.in/modal/showup/restaurant/menu/3276.html]
[gestao.co.in/modal/showup/restaurant/menu/3277.html]
[gestao.co.in/modal/showup/restaurant/menu/3278.html]
[gestao.co.in/modal/showup/restaurant/menu/3279.html]
[gestao.co.in/modal/showup/restaurant/menu/3280.html]
[gestao.co.in/modal/showup/restaurant/menu/3281.html]
[gestao.co.in/modal/showup/restaurant/menu/3282.html]
[gestao.co.in/modal/showup/restaurant/menu/3283.html]
[gestao.co.in/modal/showup/restaurant/menu/3284.html]
[gestao.co.in/modal/showup/restaurant/menu/3285.html]
[gestao.co.in/modal/showup/restaurant/menu/3286.html]
[gestao.co.in/modal/showup/restaurant/menu/3287.html]
[gestao.co.in/modal/showup/restaurant/menu/3288.html]
[gestao.co.in/modal/showup/restaurant/menu/3289.html]
[gestao.co.in/modal/showup/restaurant/menu/3290.html]
[gestao.co.in/modal/showup/restaurant/menu/3291.html]
[gestao.co.in/modal/showup/restaurant/menu/3292.html]
[gestao.co.in/modal/showup/restaurant/menu/3293.html]
[gestao.co.in/modal/showup/restaurant/menu/3294.html]
[gestao.co.in/modal/showup/restaurant/menu/3181.html]
[gestao.co.in/modal/showup/restaurant/menu/3182.html]
[gestao.co.in/modal/showup/restaurant/menu/3183.html]
[gestao.co.in/modal/showup/restaurant/menu/3184.html]
[gestao.co.in/modal/showup/restaurant/menu/3185.html]
[gestao.co.in/modal/showup/restaurant/menu/3186.html]
[gestao.co.in/modal/showup/restaurant/menu/3187.html]
[gestao.co.in/modal/showup/restaurant/menu/3188.html]
[gestao.co.in/modal/showup/restaurant/menu/3296.html]
[gestao.co.in/modal/showup/restaurant/menu/3297.html]
[gestao.co.in/modal/showup/restaurant/menu/3298.html]
[gestao.co.in/modal/showup/restaurant/menu/3299.html]
[gestao.co.in/modal/showup/restaurant/menu/3300.html]
[gestao.co.in/modal/showup/restaurant/menu/3301.html]
[gestao.co.in/modal/showup/restaurant/menu/3302.html]
[gestao.co.in/modal/showup/restaurant/menu/3303.html]
[gestao.co.in/modal/showup/restaurant/menu/3304.html]
[gestao.co.in/modal/showup/restaurant/menu/3305.html]
[gestao.co.in/site/restaurant/lakeview/2.html]
[gestao.co.in/site/restaurant/lakeview/www.digitcure.html]
[gestao.co.in/site/restaurant/culinary-delight/NA.html]
[gestao.co.in/site/restaurant/culinary-delight/3.html]
[gestao.co.in/site/restaurant/culinary-delight/www.digitcure.html]
[gestao.co.in/site/restaurant/restaurant-1/4.html]
[gestao.co.in/site/restaurant/restaurant-1/www.digitcure.html]
[gestao.co.in/site/restaurant/restaurant-2/5.html]
[gestao.co.in/site/restaurant/restaurant-2/www.digitcure.html]
[gestao.co.in/site/restaurant/sharada-classic/6.html]
[gestao.co.in/uploads/restaurant/thumbnail/oCyUnJtiWB6VOsQN8KeP.jpg]
[gestao.co.in/site/restaurants/www.digitcure.html]
[gestao.co.in/assets/auth/vendor/bootstrap/css/bootstrap.min.css]
[gestao.co.in/site/restaurant/xyz/8.html]
[gestao.co.in/assets/auth/fonts/font-awesome-4.7.0/fonts/fontawesome-webfont3e6e.eot]
[gestao.co.in/assets/auth/fonts/font-awesome-4.7.0/fonts/fontawesome-webfontd41d.eot]
[gestao.co.in/assets/auth/fonts/font-awesome-4.7.0/fonts/fontawesome-webfont3e6e.woff2]
[gestao.co.in/assets/auth/fonts/font-awesome-4.7.0/fonts/fontawesome-webfont3e6e.woff]
[gestao.co.in/assets/auth/fonts/font-awesome-4.7.0/fonts/fontawesome-webfont3e6e.ttf]
[gestao.co.in/assets/auth/fonts/font-awesome-4.7.0/css/font-awesome.min.css]
[gestao.co.in/assets/auth/fonts/font-awesome-4.7.0/fonts/fontawesome-webfont3e6e.svg]
[gestao.co.in/assets/auth/fonts/iconic/fonts/Material-Design-Iconic-Fontd1f1.woff2]
[gestao.co.in/assets/auth/fonts/iconic/fonts/Material-Design-Iconic-Fontd1f1.woff]
[gestao.co.in/assets/auth/fonts/iconic/fonts/Material-Design-Iconic-Fontd1f1.ttf]
[gestao.co.in/assets/auth/fonts/iconic/css/material-design-iconic-font.min.css]
[gestao.co.in/assets/auth/css/util.css]
[gestao.co.in/assets/auth/fonts/source-sans-pro/SourceSansPro-Regular.ttf]
[gestao.co.in/assets/auth/fonts/source-sans-pro/SourceSansPro-Bold.ttf]
[gestao.co.in/assets/auth/fonts/source-sans-pro/SourceSansPro-SemiBold.ttf]
[gestao.co.in/assets/auth/fonts/JosefinSans/JosefinSans-Bold.ttf]
[gestao.co.in/assets/auth/images/bg.jpg]
[gestao.co.in/assets/auth/css/main.css]
[gestao.co.in/assets/auth/css/custom.css]
[gestao.co.in/assets/system/fonts/Poppins/Poppins-Regular.ttf]
[gestao.co.in/assets/global/css/font.css]
[gestao.co.in/auth/forget_password.html]
[gestao.co.in/auth/registration/customer.html]
[gestao.co.in/assets/auth/images/customer.jpg]
[gestao.co.in/assets/auth/images/owner.png]
[gestao.co.in/auth/roles.html]
[gestao.co.in/assets/auth/js/main.js]
[gestao.co.in/assets/frontend/default/css/magnific-popup.css]
[gestao.co.in/assets/frontend/default/css/swiper.min.css]
[gestao.co.in/assets/global/leaflet/images/layers.png]
[gestao.co.in/assets/global/leaflet/images/layers-2x.png]
[gestao.co.in/assets/global/leaflet/images/marker-icon.png]
[gestao.co.in/assets/global/leaflet/leaflet.css]
[gestao.co.in/site/restaurant/test-restaurant/www.digitcure.html]
[ajax.googleapis.com/ajax/libs/jqueryui/1.12.1/themes/smoothness/images/ui-bg_highlight-soft_75_cccccc_1x100.png]
[ajax.googleapis.com/ajax/libs/jqueryui/1.12.1/themes/smoothness/images/ui-bg_glass_75_e6e6e6_1x400.png]
[ajax.googleapis.com/ajax/libs/jqueryui/1.12.1/themes/smoothness/images/ui-bg_glass_75_dadada_1x400.png]
[ajax.googleapis.com/ajax/libs/jqueryui/1.12.1/themes/smoothness/images/ui-bg_glass_65_ffffff_1x400.png]
[ajax.googleapis.com/ajax/libs/jqueryui/1.12.1/themes/smoothness/images/ui-bg_glass_55_fbf9ee_1x400.png]
[ajax.googleapis.com/ajax/libs/jqueryui/1.12.1/themes/smoothness/images/ui-bg_glass_95_fef1ec_1x400.png]
[ajax.googleapis.com/ajax/libs/jqueryui/1.12.1/themes/smoothness/images/ui-icons_222222_256x240.png]
[ajax.googleapis.com/ajax/libs/jqueryui/1.12.1/themes/smoothness/images/ui-icons_454545_256x240.png]
[ajax.googleapis.com/ajax/libs/jqueryui/1.12.1/themes/smoothness/images/ui-icons_2e83ff_256x240.png]
[ajax.googleapis.com/ajax/libs/jqueryui/1.12.1/themes/smoothness/images/ui-icons_cd0a0a_256x240.png]
[ajax.googleapis.com/ajax/libs/jqueryui/1.12.1/themes/smoothness/images/ui-icons_888888_256x240.png]
[ajax.googleapis.com/ajax/libs/jqueryui/1.12.1/themes/smoothness/jquery-ui.css]
[gestao.co.in/site/www.digitcure.html]
[gestao.co.in/auth.html]
[gestao.co.in/assets/auth/vendor/jquery/jquery-3.2.1.min.js]
[gestao.co.in/assets/auth/vendor/bootstrap/js/popper.js]
[gestao.co.in/assets/auth/vendor/bootstrap/js/bootstrap.min.js]
[gestao.co.in/modal/showup/restaurant/menu/1.html]
[gestao.co.in/modal/showup/restaurant/menu/3.html]
[gestao.co.in/modal/showup/restaurant/menu/4.html]
[gestao.co.in/modal/showup/restaurant/menu/2.html]
[gestao.co.in/modal/showup/restaurant/menu/3050.html]
[gestao.co.in/modal/showup/restaurant/menu/3051.html]
[gestao.co.in/modal/showup/restaurant/menu/3052.html]
[gestao.co.in/modal/showup/restaurant/menu/3053.html]
[gestao.co.in/modal/showup/restaurant/menu/3054.html]
[gestao.co.in/modal/showup/restaurant/menu/3055.html]
[gestao.co.in/modal/showup/restaurant/menu/3056.html]
[gestao.co.in/modal/showup/restaurant/menu/3057.html]
[gestao.co.in/modal/showup/restaurant/menu/3058.html]
[gestao.co.in/modal/showup/restaurant/menu/3059.html]
[gestao.co.in/modal/showup/restaurant/menu/3060.html]
[gestao.co.in/modal/showup/restaurant/menu/3061.html]
[gestao.co.in/modal/showup/restaurant/menu/3044.html]
[gestao.co.in/modal/showup/restaurant/menu/3045.html]
[gestao.co.in/modal/showup/restaurant/menu/3046.html]
[gestao.co.in/modal/showup/restaurant/menu/3047.html]
[gestao.co.in/modal/showup/restaurant/menu/3048.html]
[gestao.co.in/modal/showup/restaurant/menu/3049.html]
[gestao.co.in/modal/showup/restaurant/menu/3062.html]
[gestao.co.in/modal/showup/restaurant/menu/3063.html]
[gestao.co.in/modal/showup/restaurant/menu/3064.html]
[gestao.co.in/modal/showup/restaurant/menu/3065.html]
[gestao.co.in/modal/showup/restaurant/menu/3066.html]
[gestao.co.in/modal/showup/restaurant/menu/3067.html]
[gestao.co.in/modal/showup/restaurant/menu/3068.html]
[gestao.co.in/modal/showup/restaurant/menu/3069.html]
[gestao.co.in/modal/showup/restaurant/menu/3070.html]
[gestao.co.in/modal/showup/restaurant/menu/3071.html]
[gestao.co.in/modal/showup/restaurant/menu/3072.html]
[gestao.co.in/modal/showup/restaurant/menu/3073.html]
[gestao.co.in/modal/showup/restaurant/menu/3074.html]
[gestao.co.in/modal/showup/restaurant/menu/3075.html]
[gestao.co.in/modal/showup/restaurant/menu/3076.html]
[gestao.co.in/modal/showup/restaurant/menu/3077.html]
[gestao.co.in/modal/showup/restaurant/menu/3078.html]
[gestao.co.in/modal/showup/restaurant/menu/3079.html]
[gestao.co.in/site/restaurant/svarasa/www.digitcure.html]
[gestao.co.in/modal/showup/restaurant/menu/3080.html]
[gestao.co.in/modal/showup/restaurant/menu/3081.html]
[gestao.co.in/modal/showup/restaurant/menu/3082.html]
[gestao.co.in/modal/showup/restaurant/menu/3083.html]
[gestao.co.in/modal/showup/restaurant/menu/3084.html]
[gestao.co.in/modal/showup/restaurant/menu/3085.html]
[gestao.co.in/modal/showup/restaurant/menu/3086.html]
[gestao.co.in/modal/showup/restaurant/menu/3087.html]
[gestao.co.in/modal/showup/restaurant/menu/3088.html]
[gestao.co.in/modal/showup/restaurant/menu/3089.html]
[gestao.co.in/modal/showup/restaurant/menu/3090.html]
[gestao.co.in/modal/showup/restaurant/menu/3091.html]
[gestao.co.in/modal/showup/restaurant/menu/3092.html]
[gestao.co.in/modal/showup/restaurant/menu/3093.html]
[gestao.co.in/modal/showup/restaurant/menu/3094.html]
[gestao.co.in/modal/showup/restaurant/menu/3095.html]
[gestao.co.in/modal/showup/restaurant/menu/3195.html]
[gestao.co.in/modal/showup/restaurant/menu/3196.html]
[gestao.co.in/modal/showup/restaurant/menu/3197.html]
[gestao.co.in/modal/showup/restaurant/menu/3198.html]
[gestao.co.in/modal/showup/restaurant/menu/3199.html]
[gestao.co.in/modal/showup/restaurant/menu/3200.html]
[gestao.co.in/modal/showup/restaurant/menu/3201.html]
[gestao.co.in/modal/showup/restaurant/menu/3202.html]
[gestao.co.in/modal/showup/restaurant/menu/3203.html]
[gestao.co.in/modal/showup/restaurant/menu/3204.html]
[gestao.co.in/modal/showup/restaurant/menu/3205.html]
[gestao.co.in/modal/showup/restaurant/menu/3206.html]
[gestao.co.in/modal/showup/restaurant/menu/3096.html]
[gestao.co.in/modal/showup/restaurant/menu/3097.html]
[gestao.co.in/modal/showup/restaurant/menu/3098.html]
[gestao.co.in/modal/showup/restaurant/menu/3099.html]
[gestao.co.in/modal/showup/restaurant/menu/3100.html]
[gestao.co.in/modal/showup/restaurant/menu/3101.html]
[gestao.co.in/modal/showup/restaurant/menu/3102.html]
[gestao.co.in/modal/showup/restaurant/menu/3103.html]
[gestao.co.in/modal/showup/restaurant/menu/3104.html]
[gestao.co.in/modal/showup/restaurant/menu/3105.html]
[gestao.co.in/modal/showup/restaurant/menu/3106.html]
[gestao.co.in/modal/showup/restaurant/menu/3107.html]
[gestao.co.in/modal/showup/restaurant/menu/3108.html]
[gestao.co.in/modal/showup/restaurant/menu/3109.html]
[gestao.co.in/modal/showup/restaurant/menu/3110.html]
[gestao.co.in/modal/showup/restaurant/menu/3111.html]
[gestao.co.in/modal/showup/restaurant/menu/3189.html]
[gestao.co.in/modal/showup/restaurant/menu/3190.html]
[gestao.co.in/modal/showup/restaurant/menu/3191.html]
[gestao.co.in/modal/showup/restaurant/menu/3192.html]
[gestao.co.in/modal/showup/restaurant/menu/3193.html]
[gestao.co.in/modal/showup/restaurant/menu/3194.html]
[gestao.co.in/modal/showup/restaurant/menu/3207.html]
[gestao.co.in/modal/showup/restaurant/menu/3208.html]
[gestao.co.in/modal/showup/restaurant/menu/3209.html]
[gestao.co.in/modal/showup/restaurant/menu/3210.html]
[gestao.co.in/modal/showup/restaurant/menu/3211.html]
[gestao.co.in/modal/showup/restaurant/menu/3212.html]
[gestao.co.in/modal/showup/restaurant/menu/3112.html]
[gestao.co.in/modal/showup/restaurant/menu/3113.html]
[gestao.co.in/modal/showup/restaurant/menu/3114.html]
[gestao.co.in/modal/showup/restaurant/menu/3213.html]
[gestao.co.in/modal/showup/restaurant/menu/3214.html]
[gestao.co.in/modal/showup/restaurant/menu/3215.html]
[gestao.co.in/modal/showup/restaurant/menu/3216.html]
[gestao.co.in/modal/showup/restaurant/menu/3217.html]
[gestao.co.in/modal/showup/restaurant/menu/3218.html]
[gestao.co.in/modal/showup/restaurant/menu/3219.html]
[gestao.co.in/modal/showup/restaurant/menu/3115.html]
[gestao.co.in/modal/showup/restaurant/menu/3220.html]
[gestao.co.in/modal/showup/restaurant/menu/3221.html]
[gestao.co.in/modal/showup/restaurant/menu/3116.html]
[gestao.co.in/modal/showup/restaurant/menu/3117.html]
[gestao.co.in/modal/showup/restaurant/menu/3118.html]
[gestao.co.in/modal/showup/restaurant/menu/3119.html]
[gestao.co.in/modal/showup/restaurant/menu/3120.html]
[gestao.co.in/modal/showup/restaurant/menu/3121.html]
[gestao.co.in/modal/showup/restaurant/menu/3122.html]
[gestao.co.in/modal/showup/restaurant/menu/3123.html]
[gestao.co.in/modal/showup/restaurant/menu/3124.html]
[gestao.co.in/modal/showup/restaurant/menu/3125.html]
[gestao.co.in/modal/showup/restaurant/menu/3126.html]
[gestao.co.in/modal/showup/restaurant/menu/3127.html]
[gestao.co.in/modal/showup/restaurant/menu/3128.html]
[gestao.co.in/modal/showup/restaurant/menu/3129.html]
[gestao.co.in/modal/showup/restaurant/menu/3130.html]
[gestao.co.in/modal/showup/restaurant/menu/3131.html]
[gestao.co.in/modal/showup/restaurant/menu/3132.html]
[gestao.co.in/modal/showup/restaurant/menu/3133.html]
[gestao.co.in/modal/showup/restaurant/menu/3134.html]
[gestao.co.in/modal/showup/restaurant/menu/3135.html]
[gestao.co.in/modal/showup/restaurant/menu/3136.html]
[gestao.co.in/modal/showup/restaurant/menu/3137.html]
[gestao.co.in/modal/showup/restaurant/menu/3138.html]
[gestao.co.in/modal/showup/restaurant/menu/3139.html]
[gestao.co.in/modal/showup/restaurant/menu/3222.html]
[gestao.co.in/modal/showup/restaurant/menu/3223.html]
[gestao.co.in/modal/showup/restaurant/menu/3224.html]
[gestao.co.in/modal/showup/restaurant/menu/3225.html]
[gestao.co.in/modal/showup/restaurant/menu/3226.html]
[gestao.co.in/modal/showup/restaurant/menu/3227.html]
[gestao.co.in/modal/showup/restaurant/menu/3228.html]
[gestao.co.in/modal/showup/restaurant/menu/3229.html]
[gestao.co.in/modal/showup/restaurant/menu/3230.html]
[gestao.co.in/modal/showup/restaurant/menu/3231.html]
[gestao.co.in/modal/showup/restaurant/menu/3232.html]
[gestao.co.in/modal/showup/restaurant/menu/3233.html]
[gestao.co.in/modal/showup/restaurant/menu/3234.html]
[gestao.co.in/modal/showup/restaurant/menu/3235.html]
[gestao.co.in/modal/showup/restaurant/menu/3236.html]
[gestao.co.in/modal/showup/restaurant/menu/3140.html]
[gestao.co.in/modal/showup/restaurant/menu/3141.html]
[gestao.co.in/modal/showup/restaurant/menu/3142.html]
[gestao.co.in/modal/showup/restaurant/menu/3157.html]
[gestao.co.in/modal/showup/restaurant/menu/3158.html]
[gestao.co.in/modal/showup/restaurant/menu/3159.html]
[gestao.co.in/modal/showup/restaurant/menu/3160.html]
[gestao.co.in/modal/showup/restaurant/menu/3237.html]
[gestao.co.in/modal/showup/restaurant/menu/3238.html]
[gestao.co.in/modal/showup/restaurant/menu/3239.html]
[gestao.co.in/modal/showup/restaurant/menu/3240.html]
[gestao.co.in/modal/showup/restaurant/menu/3241.html]
[gestao.co.in/modal/showup/restaurant/menu/3242.html]
[gestao.co.in/modal/showup/restaurant/menu/3243.html]
[gestao.co.in/modal/showup/restaurant/menu/3244.html]
[gestao.co.in/modal/showup/restaurant/menu/3245.html]
[gestao.co.in/modal/showup/restaurant/menu/3246.html]
[gestao.co.in/modal/showup/restaurant/menu/3247.html]
[gestao.co.in/modal/showup/restaurant/menu/3248.html]
[gestao.co.in/modal/showup/restaurant/menu/3249.html]
[gestao.co.in/modal/showup/restaurant/menu/3250.html]
[gestao.co.in/modal/showup/restaurant/menu/3251.html]
[gestao.co.in/modal/showup/restaurant/menu/3252.html]
[gestao.co.in/modal/showup/restaurant/menu/3295.html]
[gestao.co.in/modal/showup/restaurant/menu/3143.html]
[gestao.co.in/modal/showup/restaurant/menu/3144.html]
[gestao.co.in/modal/showup/restaurant/menu/3145.html]
[gestao.co.in/modal/showup/restaurant/menu/3146.html]
[gestao.co.in/modal/showup/restaurant/menu/3147.html]
[gestao.co.in/modal/showup/restaurant/menu/3148.html]
[gestao.co.in/modal/showup/restaurant/menu/3253.html]
[gestao.co.in/modal/showup/restaurant/menu/3254.html]
[gestao.co.in/modal/showup/restaurant/menu/3255.html]
[gestao.co.in/modal/showup/restaurant/menu/3256.html]
[gestao.co.in/modal/showup/restaurant/menu/3257.html]
[gestao.co.in/modal/showup/restaurant/menu/3258.html]
[gestao.co.in/modal/showup/restaurant/menu/3259.html]
[gestao.co.in/modal/showup/restaurant/menu/3260.html]
[gestao.co.in/modal/showup/restaurant/menu/3261.html]
[gestao.co.in/modal/showup/restaurant/menu/3262.html]
[gestao.co.in/modal/showup/restaurant/menu/3149.html]
[gestao.co.in/modal/showup/restaurant/menu/3150.html]
[gestao.co.in/modal/showup/restaurant/menu/3151.html]
[gestao.co.in/modal/showup/restaurant/menu/3152.html]
[gestao.co.in/modal/showup/restaurant/menu/3153.html]
[gestao.co.in/modal/showup/restaurant/menu/3154.html]
[gestao.co.in/modal/showup/restaurant/menu/3155.html]
[gestao.co.in/modal/showup/restaurant/menu/3156.html]
[gestao.co.in/modal/showup/restaurant/menu/3263.html]
[gestao.co.in/modal/showup/restaurant/menu/3264.html]
[gestao.co.in/modal/showup/restaurant/menu/3265.html]
[gestao.co.in/modal/showup/restaurant/menu/3266.html]
[gestao.co.in/modal/showup/restaurant/menu/3267.html]
[gestao.co.in/modal/showup/restaurant/menu/3161.html]
[gestao.co.in/modal/showup/restaurant/menu/3162.html]
[gestao.co.in/modal/showup/restaurant/menu/3163.html]
[gestao.co.in/modal/showup/restaurant/menu/3164.html]
[gestao.co.in/modal/showup/restaurant/menu/3165.html]
[gestao.co.in/modal/showup/restaurant/menu/3166.html]
[gestao.co.in/modal/showup/restaurant/menu/3167.html]
[gestao.co.in/modal/showup/restaurant/menu/3168.html]
[gestao.co.in/modal/showup/restaurant/menu/3169.html]
[gestao.co.in/modal/showup/restaurant/menu/3170.html]
[gestao.co.in/modal/showup/restaurant/menu/3171.html]
[gestao.co.in/modal/showup/restaurant/menu/3172.html]
[gestao.co.in/modal/showup/restaurant/menu/3173.html]
[gestao.co.in/modal/showup/restaurant/menu/3174.html]
[gestao.co.in/modal/showup/restaurant/menu/3175.html]
[gestao.co.in/modal/showup/restaurant/menu/3176.html]
[gestao.co.in/modal/showup/restaurant/menu/3177.html]
[gestao.co.in/modal/showup/restaurant/menu/3178.html]
[gestao.co.in/modal/showup/restaurant/menu/3179.html]
[gestao.co.in/modal/showup/restaurant/menu/3180.html]
[gestao.co.in/modal/showup/restaurant/menu/3268.html]
[gestao.co.in/modal/showup/restaurant/menu/3269.html]
[gestao.co.in/modal/showup/restaurant/menu/3270.html]
[gestao.co.in/modal/showup/restaurant/menu/3271.html]
[gestao.co.in/modal/showup/restaurant/menu/3272.html]
[gestao.co.in/modal/showup/restaurant/menu/3273.html]
[gestao.co.in/modal/showup/restaurant/menu/3274.html]
[gestao.co.in/modal/showup/restaurant/menu/3275.html]
[gestao.co.in/modal/showup/restaurant/menu/3276.html]
[gestao.co.in/modal/showup/restaurant/menu/3277.html]
[gestao.co.in/modal/showup/restaurant/menu/3278.html]
[gestao.co.in/modal/showup/restaurant/menu/3279.html]
[gestao.co.in/modal/showup/restaurant/menu/3280.html]
[gestao.co.in/modal/showup/restaurant/menu/3281.html]
[gestao.co.in/modal/showup/restaurant/menu/3282.html]
[gestao.co.in/modal/showup/restaurant/menu/3283.html]
[gestao.co.in/modal/showup/restaurant/menu/3284.html]
[gestao.co.in/modal/showup/restaurant/menu/3285.html]
[gestao.co.in/modal/showup/restaurant/menu/3286.html]
[gestao.co.in/modal/showup/restaurant/menu/3287.html]
[gestao.co.in/modal/showup/restaurant/menu/3288.html]
[gestao.co.in/modal/showup/restaurant/menu/3289.html]
[gestao.co.in/modal/showup/restaurant/menu/3290.html]
[gestao.co.in/modal/showup/restaurant/menu/3291.html]
[gestao.co.in/modal/showup/restaurant/menu/3292.html]
[gestao.co.in/modal/showup/restaurant/menu/3293.html]
[gestao.co.in/modal/showup/restaurant/menu/3294.html]
[gestao.co.in/modal/showup/restaurant/menu/3181.html]
[gestao.co.in/modal/showup/restaurant/menu/3182.html]
[gestao.co.in/modal/showup/restaurant/menu/3183.html]
[gestao.co.in/modal/showup/restaurant/menu/3184.html]
[gestao.co.in/modal/showup/restaurant/menu/3185.html]
[gestao.co.in/modal/showup/restaurant/menu/3186.html]
[gestao.co.in/modal/showup/restaurant/menu/3187.html]
[gestao.co.in/modal/showup/restaurant/menu/3188.html]
[gestao.co.in/modal/showup/restaurant/menu/3296.html]
[gestao.co.in/modal/showup/restaurant/menu/3297.html]
[gestao.co.in/modal/showup/restaurant/menu/3298.html]
[gestao.co.in/modal/showup/restaurant/menu/3299.html]
[gestao.co.in/modal/showup/restaurant/menu/3300.html]
[gestao.co.in/modal/showup/restaurant/menu/3301.html]
[gestao.co.in/modal/showup/restaurant/menu/3302.html]
[gestao.co.in/modal/showup/restaurant/menu/3303.html]
[gestao.co.in/modal/showup/restaurant/menu/3304.html]
[gestao.co.in/modal/showup/restaurant/menu/3305.html]
[gestao.co.in/site/restaurant/lakeview/www.digitcure.html]
[gestao.co.in/site/restaurant/culinary-delight/NA.html]
[gestao.co.in/site/restaurant/culinary-delight/www.digitcure.html]
[gestao.co.in/site/restaurant/restaurant-1/www.digitcure.html]
[gestao.co.in/site/restaurant/restaurant-2/www.digitcure.html]
[gestao.co.in/site/restaurant/sharada-classic/6.html]
[gestao.co.in/site/restaurant/sharada-classic/www.digitcure.html]
[gestao.co.in/site/restaurant/xyz/8.html]
[gestao.co.in/assets/auth/fonts/font-awesome-4.7.0/fonts/fontawesome-webfont3e6e.svg]
[gestao.co.in/assets/system/fonts/Poppins/Poppins-Regular.html]
[gestao.co.in/auth/registration/customer.html]
[gestao.co.in/assets/frontend/default/css/swiper.min.css]
[gestao.co.in/site/restaurant/xyz/www.digitcure.html]
[gestao.co.in/site/restaurant/sharada-classic/www.digitcure.html]
[gestao.co.in/site/restaurant/xyz/www.digitcure.html]
[gestao.co.in/uploads/restaurant/gallery/LGvuTsdHcX8ij2Wfl5zo.jpg]
[gestao.co.in/uploads/restaurant/gallery/wuWps7NqynMjdV9XBOTL.jpg]
[gestao.co.in/site/restaurant/sharada-classic/xyz.com]
[gestao.co.in/site/restaurant/sharada-classic/xyz.com]
